string(6) "X3.14Y"

Warning: money_format() [/phpmanual/function.money-format.html]: Only a single %i or %n token can be used in /home/star/Desktop/php-history/php-4/ext/standard/tests/strings/moneyformat.php on line 4
bool(false)