array(5) {
  ["a"]=>
  string(1) "1"
  ["b"]=>
  string(3) "ZYX"
  ["c"]=>
  array(1) {
    [0]=>
    array(1) {
      [0]=>
      array(1) {
        [0]=>
        array(1) {
          [0]=>
          array(1) {
            [0]=>
            array(1) {
              [0]=>
              array(1) {
                [0]=>
                array(1) {
                  [0]=>
                  array(1) {
                    [0]=>
                    array(1) {
                      [0]=>
                      array(1) {
                        [0]=>
                        array(1) {
                          [0]=>
                          array(1) {
                            [0]=>
                            array(1) {
                              [0]=>
                              array(1) {
                                [0]=>
                                array(1) {
                                  [0]=>
                                  array(1) {
                                    [0]=>
                                    array(1) {
                                      [0]=>
                                      array(1) {
                                        [0]=>
                                        array(1) {
                                          [0]=>
                                          array(1) {
                                            [0]=>
                                            array(1) {
                                              [0]=>
                                              string(3) "123"
                                            }
                                          }
                                        }
                                      }
                                    }
                                  }
                                }
                              }
                            }
                          }
                        }
                      }
                    }
                  }
                }
              }
            }
          }
        }
      }
    }
  }
  ["d"]=>
  string(3) "123"
  ["e"]=>
  array(1) {
    [0]=>
    array(1) {
      [0]=>
      string(1) "3"
    }
  }
}
NULL